[www.mahadevbook.com/index.html]
[www.mahadevbook.com/images/fav.png]
[backblue.gif]
[fade.gif]
[index.html]
[www.mahadevbook.com/css/owl.css]
[www.mahadevbook.com/css/main0be4.css]
[www.mahadevbook.com/css/responsive.css]
[www.mahadevbook.com/js/jquery.min.js]
[www.mahadevbook.com/js/owl.js]
[www.mahadevbook.com/js/at-jquery.js]
[www.mahadevbook.com/js/scripts.js]
[connect.facebook.net/en_US/fbevents.js]
[www.mahadevbook.com/index-2.html]
[www.mahadevbook.com/images/lightLogo.gif]
[www.mahadevbook.com/images/cards.gif]
[www.mahadevbook.com/images/players.webp]
[www.mahadevbook.com/images/g9.webp]
[www.mahadevbook.com/images/g1.webp]
[www.mahadevbook.com/images/g2.webp]
[www.mahadevbook.com/images/g3.webp]
[www.mahadevbook.com/images/g4.webp]
[www.mahadevbook.com/images/g5.webp]
[www.mahadevbook.com/images/g6.webp]
[www.mahadevbook.com/images/g7.webp]
[www.mahadevbook.com/images/g8.webp]
[www.mahadevbook.com/laser.html]
[www.mahadevbook.com/images/s1.webp]
[www.mahadevbook.com/betbhai.html]
[www.mahadevbook.com/images/s3.webp]
[www.mahadevbook.com/tiger.html]
[www.mahadevbook.com/images/s4.webp]
[www.mahadevbook.com/cricketbet9.html]
[www.mahadevbook.com/images/s6.webp]
[www.mahadevbook.com/betbook.html]
[www.mahadevbook.com/images/s5.webp]
[www.mahadevbook.com/jack9.html]
[www.mahadevbook.com/images/s2.webp]
[www.mahadevbook.com/images/girl.webp]
[www.mahadevbook.com/images/wheel.webp]
[www.mahadevbook.com/images/wheel2.webp]
[www.mahadevbook.com/images/wheelcircle.webp]
[www.mahadevbook.com/images/coins.webp]
[www.mahadevbook.com/images/kot.webp]
[www.mahadevbook.com/images/play.webp]
[www.mahadevbook.com/images/close.webp]
[www.mahadevbook.com/images/bpvideo.mp4]
[www.mahadevbook.com/images/shradhavideo.mp4]
[www.mahadevbook.com/images/shaktivideo.mp4]
[www.mahadevbook.com/images/vivekvideo.mp4]
[www.mahadevbook.com/images/sapnavideo.mp4]
[www.mahadevbook.com/images/mounyvideo.mp4]
[www.mahadevbook.com/images/daisyvideo.mp4]
[www.mahadevbook.com/images/hinavideo.mp4]
[www.mahadevbook.com/images/barmanvideo.mp4]
[www.mahadevbook.com/images/kunalvideo.mp4]
[www.mahadevbook.com/images/adityavideo.mp4]
[www.mahadevbook.com/images/nidhivideo.mp4]
[www.mahadevbook.com/images/prachivideo.mp4]
[www.mahadevbook.com/images/raghuvanshivideo.mp4]
[www.mahadevbook.com/images/humavideo.mp4]
[www.mahadevbook.com/images/insta.webp]
[www.mahadevbook.com/images/plus18.webp]
[www.mahadevbook.com/images/restricted.webp]
[www.mahadevbook.com/index.html]
[www.mahadevbook.com/css/owl.css]
[www.mahadevbook.com/css/Gambler.woff2]
[www.mahadevbook.com/css/Gambler.woff]
[www.mahadevbook.com/css/Gilroy-Black.woff2]
[www.mahadevbook.com/css/Gilroy-Black.woff]
[www.mahadevbook.com/css/Gilroy-Bold.woff2]
[www.mahadevbook.com/css/Gilroy-Bold.woff]
[www.mahadevbook.com/css/Gilroy-Heavy.woff2]
[www.mahadevbook.com/css/Gilroy-Heavy.woff]
[www.mahadevbook.com/css/Gilroy-Light.woff2]
[www.mahadevbook.com/css/Gilroy-Light.woff]
[www.mahadevbook.com/css/Gilroy-Regular.woff2]
[www.mahadevbook.com/css/Gilroy-Regular.woff]
[www.mahadevbook.com/css/Gilroy-Medium.woff2]
[www.mahadevbook.com/css/Gilroy-Medium.woff]
[www.mahadevbook.com/images/bnr.webp]
[www.mahadevbook.com/images/bg.webp]
[www.mahadevbook.com/images/bg3.webp]
[www.mahadevbook.com/images/bg4.webp]
[www.mahadevbook.com/images/prv.webp]
[www.mahadevbook.com/images/nxt.webp]
[www.mahadevbook.com/images/bg5.webp]
[www.mahadevbook.com/images/spritesports.webp]
[www.mahadevbook.com/images/celebspirtef9e3.webp]
[www.mahadevbook.com/images/spritebanner.webp]
[www.mahadevbook.com/css/main0be4.css]
[www.mahadevbook.com/css/responsive.css]
[www.mahadevbook.com/c]
[www.mahadevbook.com/b]
[www.mahadevbook.com/POST]
[connect.facebook.net/en_US/fbevents.js]
[www.mahadevbook.com/index-2.html]
[www.mahadevbook.com/css/main.css]
[www.mahadevbook.com/laser.html]
[www.mahadevbook.com/images/logo-laserbook247.gif]
[www.mahadevbook.com/betbhai.html]
[www.mahadevbook.com/tiger.html]
[www.mahadevbook.com/cricketbet9.html]
[www.mahadevbook.com/betbook.html]
[www.mahadevbook.com/jack9.html]
[www.mahadevbook.com/c.html]
[www.mahadevbook.com/b.html]
[www.mahadevbook.com/POST.html]
[www.mahadevbook.com/css/main.css]
